// Jest Snapshot v1, https://goo.gl/fbAQLP

exports[`expect to render cardList 1`] = `
<Fragment>
  <Card
    email="john@gmail.com"
    id={1}
    key="0"
    name="John Snow"
  />
</Fragment>
`;
