// Jest Snapshot v1, https://goo.gl/fbAQLP

exports[`renders without crashing 1`] = `
<div
  style={
    Object {
      "border": "1px solid black",
      "height": "auto",
      "overflowY": "auto",
    }
  }
/>
`;
